Testing WCSLIB Fortran disprm access routines (tdis2.f)
-------------------------------------------------------
       flag: 137
      naxis: 2
      dtype: 0x<address>
             "TPV"
             "TPV"
        ndp: 46
     ndpmax: 46
         dp: 0x<address>
               1  0            2  DQ1.NAXES
               1  0            1  DQ1.AXIS.1
               1  0            2  DQ1.AXIS.2
               1  1   0.30939     DQ1.TPV.0
               1  1   0.98842     DQ1.TPV.1
               1  1  -0.0021924   DQ1.TPV.3
               1  1   2.8381e-06  DQ1.TPV.4
               1  1   3.6848e-06  DQ1.TPV.6
               1  1   9.6423e-10  DQ1.TPV.7
               1  1   6.0581e-10  DQ1.TPV.9
               1  1  -4.0302e-09  DQ1.TPV.11
               1  1   1.7927e-12  DQ1.TPV.12
               1  1   3.5995e-12  DQ1.TPV.14
               1  1   1.7547e-12  DQ1.TPV.16
               1  1  -2.0310e-17  DQ1.TPV.17
               1  1  -2.2639e-17  DQ1.TPV.19
               1  1   3.6913e-18  DQ1.TPV.21
               1  1  -3.7771e-16  DQ1.TPV.23
               1  1   4.0081e-20  DQ1.TPV.24
               1  1   1.1800e-19  DQ1.TPV.26
               1  1   1.1810e-19  DQ1.TPV.28
               1  1   4.0114e-20  DQ1.TPV.30
               1  1   3.0321e-25  DQ1.TPV.31
               1  1   6.3743e-25  DQ1.TPV.33
               1  1   2.0538e-25  DQ1.TPV.35
               1  1  -1.9849e-25  DQ1.TPV.37
               1  1  -1.6393e-24  DQ1.TPV.39
               2  0            2  DQ2.NAXES
               2  0            2  DQ2.AXIS.1
               2  0            1  DQ2.AXIS.2
               2  1   0.99349     DQ2.TPV.1
               2  1  -1.8104e-06  DQ2.TPV.5
               2  1   4.7932e-11  DQ2.TPV.7
               2  1   6.1848e-10  DQ2.TPV.9
               2  1   1.4059e-13  DQ2.TPV.13
               2  1   8.7740e-14  DQ2.TPV.15
               2  1   2.8940e-17  DQ2.TPV.17
               2  1   1.5914e-18  DQ2.TPV.19
               2  1  -1.0280e-17  DQ2.TPV.21
               2  1  -2.8008e-21  DQ2.TPV.25
               2  1  -3.2402e-21  DQ2.TPV.27
               2  1  -7.9356e-22  DQ2.TPV.29
               2  1  -6.7738e-25  DQ2.TPV.31
               2  1  -3.0173e-25  DQ2.TPV.33
               2  1   2.8026e-25  DQ2.TPV.35
               2  1   1.4550e-25  DQ2.TPV.37
     maxdis: 0x<address>
               2.0010       2.0020    
     totdis:   3.0000    
     docorr: 0x<address>
                 0     0
       Nhat: 0x<address>
                 2     2
      axmap: 0x<address>
 axmap[0][]:     0     1
 axmap[1][]:     1     0
     offset: 0x<address>
offset[0][]:   0.0000       0.0000    
offset[1][]:   0.0000       0.0000    
      scale: 0x<address>
 scale[0][]:   1.0000       1.0000    
 scale[1][]:   1.0000       1.0000    
      iparm: 0x<address>
 iparm[0]  : 0x<address>
 iparm[0][]:            1            7           40           40            0
                        0            1
 iparm[1]  : 0x<address>
 iparm[1][]:            1            7           40           40            0
                        0            0
      dparm: 0x<address>
 dparm[0]  : 0x<address>
 dparm[0][]:   0.30939      0.98842      0.0000      -0.0021924    2.8381e-06
               0.0000       3.6848e-06   9.6423e-10   0.0000       6.0581e-10
               0.0000      -4.0302e-09   1.7927e-12   0.0000       3.5995e-12
               0.0000       1.7547e-12  -2.0310e-17   0.0000      -2.2639e-17
               0.0000       3.6913e-18   0.0000      -3.7771e-16   4.0081e-20
               0.0000       1.1800e-19   0.0000       1.1810e-19   0.0000    
               4.0114e-20   3.0321e-25   0.0000       6.3743e-25   0.0000    
               2.0538e-25   0.0000      -1.9849e-25   0.0000      -1.6393e-24
 dparm[1]  : 0x<address>
 dparm[1][]:   0.0000       0.99349      0.0000       0.0000       0.0000    
              -1.8104e-06   0.0000       4.7932e-11   0.0000       6.1848e-10
               0.0000       0.0000       0.0000       1.4059e-13   0.0000    
               8.7740e-14   0.0000       2.8940e-17   0.0000       1.5914e-18
               0.0000      -1.0280e-17   0.0000       0.0000       0.0000    
              -2.8008e-21   0.0000      -3.2402e-21   0.0000      -7.9356e-22
               0.0000      -6.7738e-25   0.0000      -3.0173e-25   0.0000    
               2.8026e-25   0.0000       1.4550e-25   0.0000       0.0000    
    i_naxis: 2
       ndis: 2
        err: 0x0
     disp2x: 0x<address>
  disp2x[0]: 0x<address>  (= tpd7)
  disp2x[1]: 0x<address>  (= tpd7)
     disx2p: 0x<address>
  disx2p[0]: 0x0
  disx2p[1]: 0x0
     tmpmem: 0x<address>
     m_flag: 137
    m_naxis: 2
    m_dtype: 0x<address>  (= dtype)
       m_dp: 0x<address>  (= dp)
   m_maxdis: 0x<address>  (= maxdis)

------------------------------------------------------------------------
       flag: 137
      naxis: 2
      dtype: 0x<address>
             "TPV"
             "TPV"
        ndp: 46
     ndpmax: 256
         dp: 0x<address>
               1  0            2  DQ1.NAXES
               1  0            1  DQ1.AXIS.1
               1  0            2  DQ1.AXIS.2
               1  1   0.30939     DQ1.TPV.0
               1  1   0.98842     DQ1.TPV.1
               1  1  -0.0021924   DQ1.TPV.3
               1  1   2.8381e-06  DQ1.TPV.4
               1  1   3.6848e-06  DQ1.TPV.6
               1  1   9.6423e-10  DQ1.TPV.7
               1  1   6.0581e-10  DQ1.TPV.9
               1  1  -4.0302e-09  DQ1.TPV.11
               1  1   1.7927e-12  DQ1.TPV.12
               1  1   3.5995e-12  DQ1.TPV.14
               1  1   1.7547e-12  DQ1.TPV.16
               1  1  -2.0310e-17  DQ1.TPV.17
               1  1  -2.2639e-17  DQ1.TPV.19
               1  1   3.6913e-18  DQ1.TPV.21
               1  1  -3.7771e-16  DQ1.TPV.23
               1  1   4.0081e-20  DQ1.TPV.24
               1  1   1.1800e-19  DQ1.TPV.26
               1  1   1.1810e-19  DQ1.TPV.28
               1  1   4.0114e-20  DQ1.TPV.30
               1  1   3.0321e-25  DQ1.TPV.31
               1  1   6.3743e-25  DQ1.TPV.33
               1  1   2.0538e-25  DQ1.TPV.35
               1  1  -1.9849e-25  DQ1.TPV.37
               1  1  -1.6393e-24  DQ1.TPV.39
               2  0            2  DQ2.NAXES
               2  0            2  DQ2.AXIS.1
               2  0            1  DQ2.AXIS.2
               2  1   0.99349     DQ2.TPV.1
               2  1  -1.8104e-06  DQ2.TPV.5
               2  1   4.7932e-11  DQ2.TPV.7
               2  1   6.1848e-10  DQ2.TPV.9
               2  1   1.4059e-13  DQ2.TPV.13
               2  1   8.7740e-14  DQ2.TPV.15
               2  1   2.8940e-17  DQ2.TPV.17
               2  1   1.5914e-18  DQ2.TPV.19
               2  1  -1.0280e-17  DQ2.TPV.21
               2  1  -2.8008e-21  DQ2.TPV.25
               2  1  -3.2402e-21  DQ2.TPV.27
               2  1  -7.9356e-22  DQ2.TPV.29
               2  1  -6.7738e-25  DQ2.TPV.31
               2  1  -3.0173e-25  DQ2.TPV.33
               2  1   2.8026e-25  DQ2.TPV.35
               2  1   1.4550e-25  DQ2.TPV.37
     maxdis: 0x<address>
               2.0010       2.0020    
     totdis:   3.0000    
     docorr: 0x<address>
                 0     0
       Nhat: 0x<address>
                 2     2
      axmap: 0x<address>
 axmap[0][]:     0     1
 axmap[1][]:     1     0
     offset: 0x<address>
offset[0][]:   0.0000       0.0000    
offset[1][]:   0.0000       0.0000    
      scale: 0x<address>
 scale[0][]:   1.0000       1.0000    
 scale[1][]:   1.0000       1.0000    
      iparm: 0x<address>
 iparm[0]  : 0x<address>
 iparm[0][]:            1            7           40           40            0
                        0            1
 iparm[1]  : 0x<address>
 iparm[1][]:            1            7           40           40            0
                        0            0
      dparm: 0x<address>
 dparm[0]  : 0x<address>
 dparm[0][]:   0.30939      0.98842      0.0000      -0.0021924    2.8381e-06
               0.0000       3.6848e-06   9.6423e-10   0.0000       6.0581e-10
               0.0000      -4.0302e-09   1.7927e-12   0.0000       3.5995e-12
               0.0000       1.7547e-12  -2.0310e-17   0.0000      -2.2639e-17
               0.0000       3.6913e-18   0.0000      -3.7771e-16   4.0081e-20
               0.0000       1.1800e-19   0.0000       1.1810e-19   0.0000    
               4.0114e-20   3.0321e-25   0.0000       6.3743e-25   0.0000    
               2.0538e-25   0.0000      -1.9849e-25   0.0000      -1.6393e-24
 dparm[1]  : 0x<address>
 dparm[1][]:   0.0000       0.99349      0.0000       0.0000       0.0000    
              -1.8104e-06   0.0000       4.7932e-11   0.0000       6.1848e-10
               0.0000       0.0000       0.0000       1.4059e-13   0.0000    
               8.7740e-14   0.0000       2.8940e-17   0.0000       1.5914e-18
               0.0000      -1.0280e-17   0.0000       0.0000       0.0000    
              -2.8008e-21   0.0000      -3.2402e-21   0.0000      -7.9356e-22
               0.0000      -6.7738e-25   0.0000      -3.0173e-25   0.0000    
               2.8026e-25   0.0000       1.4550e-25   0.0000       0.0000    
    i_naxis: 2
       ndis: 2
        err: 0x0
     disp2x: 0x<address>
  disp2x[0]: 0x<address>  (= tpd7)
  disp2x[1]: 0x<address>  (= tpd7)
     disx2p: 0x<address>
  disx2p[0]: 0x0
  disx2p[1]: 0x0
     tmpmem: 0x<address>
     m_flag: 137
    m_naxis: 2
    m_dtype: 0x<address>  (= dtype)
       m_dp: 0x<address>  (= dp)
   m_maxdis: 0x<address>  (= maxdis)

------------------------------------------------------------------------
       flag: 137
      naxis: 2
      dtype: 0x<address>
             "TPV"
             "TPV"
        ndp: 46
     ndpmax: 256
         dp: 0x<address>
               1  0            2  DQ1.NAXES
               1  0            1  DQ1.AXIS.1
               1  0            2  DQ1.AXIS.2
               1  1   0.30939     DQ1.TPV.0
               1  1   0.98842     DQ1.TPV.1
               1  1  -0.0021924   DQ1.TPV.3
               1  1   2.8381e-06  DQ1.TPV.4
               1  1   3.6848e-06  DQ1.TPV.6
               1  1   9.6423e-10  DQ1.TPV.7
               1  1   6.0581e-10  DQ1.TPV.9
               1  1  -4.0302e-09  DQ1.TPV.11
               1  1   1.7927e-12  DQ1.TPV.12
               1  1   3.5995e-12  DQ1.TPV.14
               1  1   1.7547e-12  DQ1.TPV.16
               1  1  -2.0310e-17  DQ1.TPV.17
               1  1  -2.2639e-17  DQ1.TPV.19
               1  1   3.6913e-18  DQ1.TPV.21
               1  1  -3.7771e-16  DQ1.TPV.23
               1  1   4.0081e-20  DQ1.TPV.24
               1  1   1.1800e-19  DQ1.TPV.26
               1  1   1.1810e-19  DQ1.TPV.28
               1  1   4.0114e-20  DQ1.TPV.30
               1  1   3.0321e-25  DQ1.TPV.31
               1  1   6.3743e-25  DQ1.TPV.33
               1  1   2.0538e-25  DQ1.TPV.35
               1  1  -1.9849e-25  DQ1.TPV.37
               1  1  -1.6393e-24  DQ1.TPV.39
               2  0            2  DQ2.NAXES
               2  0            2  DQ2.AXIS.1
               2  0            1  DQ2.AXIS.2
               2  1   0.99349     DQ2.TPV.1
               2  1  -1.8104e-06  DQ2.TPV.5
               2  1   4.7932e-11  DQ2.TPV.7
               2  1   6.1848e-10  DQ2.TPV.9
               2  1   1.4059e-13  DQ2.TPV.13
               2  1   8.7740e-14  DQ2.TPV.15
               2  1   2.8940e-17  DQ2.TPV.17
               2  1   1.5914e-18  DQ2.TPV.19
               2  1  -1.0280e-17  DQ2.TPV.21
               2  1  -2.8008e-21  DQ2.TPV.25
               2  1  -3.2402e-21  DQ2.TPV.27
               2  1  -7.9356e-22  DQ2.TPV.29
               2  1  -6.7738e-25  DQ2.TPV.31
               2  1  -3.0173e-25  DQ2.TPV.33
               2  1   2.8026e-25  DQ2.TPV.35
               2  1   1.4550e-25  DQ2.TPV.37
     maxdis: 0x<address>
               2.0010       2.0020    
     totdis:   3.0000    
     docorr: 0x<address>
                 0     0
       Nhat: 0x<address>
                 2     2
      axmap: 0x<address>
 axmap[0][]:     0     1
 axmap[1][]:     1     0
     offset: 0x<address>
offset[0][]:   0.0000       0.0000    
offset[1][]:   0.0000       0.0000    
      scale: 0x<address>
 scale[0][]:   1.0000       1.0000    
 scale[1][]:   1.0000       1.0000    
      iparm: 0x<address>
 iparm[0]  : 0x<address>
 iparm[0][]:            1            7           40           40            0
                        0            1
 iparm[1]  : 0x<address>
 iparm[1][]:            1            7           40           40            0
                        0            0
      dparm: 0x<address>
 dparm[0]  : 0x<address>
 dparm[0][]:   0.30939      0.98842      0.0000      -0.0021924    2.8381e-06
               0.0000       3.6848e-06   9.6423e-10   0.0000       6.0581e-10
               0.0000      -4.0302e-09   1.7927e-12   0.0000       3.5995e-12
               0.0000       1.7547e-12  -2.0310e-17   0.0000      -2.2639e-17
               0.0000       3.6913e-18   0.0000      -3.7771e-16   4.0081e-20
               0.0000       1.1800e-19   0.0000       1.1810e-19   0.0000    
               4.0114e-20   3.0321e-25   0.0000       6.3743e-25   0.0000    
               2.0538e-25   0.0000      -1.9849e-25   0.0000      -1.6393e-24
 dparm[1]  : 0x<address>
 dparm[1][]:   0.0000       0.99349      0.0000       0.0000       0.0000    
              -1.8104e-06   0.0000       4.7932e-11   0.0000       6.1848e-10
               0.0000       0.0000       0.0000       1.4059e-13   0.0000    
               8.7740e-14   0.0000       2.8940e-17   0.0000       1.5914e-18
               0.0000      -1.0280e-17   0.0000       0.0000       0.0000    
              -2.8008e-21   0.0000      -3.2402e-21   0.0000      -7.9356e-22
               0.0000      -6.7738e-25   0.0000      -3.0173e-25   0.0000    
               2.8026e-25   0.0000       1.4550e-25   0.0000       0.0000    
    i_naxis: 2
       ndis: 2
        err: 0x0
     disp2x: 0x<address>
  disp2x[0]: 0x<address>  (= tpd7)
  disp2x[1]: 0x<address>  (= tpd7)
     disx2p: 0x<address>
  disx2p[0]: 0x0
  disx2p[1]: 0x0
     tmpmem: 0x<address>
     m_flag: 137
    m_naxis: 2
    m_dtype: 0x<address>  (= dtype)
       m_dp: 0x<address>  (= dp)
   m_maxdis: 0x<address>  (= maxdis)
